Microchip MPLAB XC8 PIC(R) Assembler V3.10

Linker command line:

-W-3 \
  --edf=C:\Program Files\Microchip\xc8\v3.10\pic\dat\20250813170317_en.msgs \
  -cs -h+dist/default/debug\test.X.debug.sym \
  --cmf=dist/default/debug\test.X.debug.cmf -z -Q16F883 \
  -oC:\Users\rosstimo\AppData\Local\Temp\xcAs45s.0\driver_tmp_3.o \
  --fixupoverflow=error -ver=XC8 PIC(R) Assembler --fixupoverflow=lstwarn \
  -Mdist/default/debug/test.X.debug.map -E1 -ACODE=00h-07FFhx2 \
  -ASTRCODE=00h-0FFFh -ASTRING=00h-0FFhx16 -ACONST=00h-0FFhx16 \
  -AENTRY=00h-0FFhx16 -ACOMMON=070h-07Fh -ABANK0=020h-06Fh \
  -ABANK1=0A0h-0EFh -ABANK2=0120h-016Fh \
  -ARAM=020h-06Fh,0A0h-0EFh,0120h-016Fh \
  -AABS1=020h-07Fh,0A0h-0EFh,0120h-016Fh -ASFR0=00h-01Fh -ASFR1=080h-09Fh \
  -ASFR2=0100h-011Fh -ASFR3=0180h-01EFh -ACONFIG=02007h-02008h -DCONFIG=2 \
  -AIDLOC=02000h-02003h -DIDLOC=2 -AEEDATA=00h-0FFh/02100h -DEEDATA=2 \
  -DCODE=2 -DSTRCODE=2 -DSTRING=2 -DCONST=2 -DENTRY=2 \
  build/default/debug/main.o 

Object code version is 3.11

Machine type is 16F883



                Name                               Link     Load   Length Selector   Space Scale
build/default/debug/main.o
                config                             2007     2007        2        0       4
                barfunc                             7FE      7FE        2      FFC       0

TOTAL           Name                               Link     Load   Length     Space
        CLASS   CODE           
                barfunc                             7FE      7FE        2         0

        CLASS   STRCODE        

        CLASS   STRING         

        CLASS   CONST          

        CLASS   ENTRY          

        CLASS   COMMON         

        CLASS   BANK0          

        CLASS   BANK1          

        CLASS   BANK2          

        CLASS   RAM            

        CLASS   ABS1           

        CLASS   SFR0           

        CLASS   SFR1           

        CLASS   SFR2           

        CLASS   SFR3           

        CLASS   CONFIG         
                config                             2007     2007        2         4

        CLASS   IDLOC          

        CLASS   EEDATA         



SEGMENTS        Name                           Load    Length   Top    Selector   Space  Class     Delta

                barfunc                        0007FE  000002  000800       FFC       0  CODE        2


UNUSED ADDRESS RANGES

        Name                Unused          Largest block    Delta
        BANK0            0020-006F             50           1
        BANK1            00A0-00EF             50           1
        BANK2            0120-016F             50           1
        CODE             0000-07FD            7FE           2
                         0800-0FFF            800
        COMMON           0070-007F             10           1
        CONST            0000-07FD            100           2
                         0800-0FFF            100
        EEDATA           2100-21FF            100           2
        ENTRY            0000-07FD            100           2
                         0800-0FFF            100
        IDLOC            2000-2003              4           2
        RAM              0020-006F             50           1
                         00A0-00EF             50
                         0120-016F             50
        SFR0             0000-001F             20           1
        SFR1             0080-009F             20           1
        SFR2             0100-011F             20           1
        SFR3             0180-01EF             70           1
        STRCODE          0000-07FD            7FE           2
                         0800-0FFF            800
        STRING           0000-07FD            100           2
                         0800-0FFF            100

                                  Symbol Table

__H__absolute__ __absolute__ 0000  __Hcode         code         0000
__Hconfig       config       2009  __Hdata         data         0000
__Hedata        edata        0000  __Hspace_0      (abs)        0800
__Hspace_1      (abs)        0000  __Hspace_3      (abs)        0000
__Hspace_4      (abs)        4010  __Hudata        udata        0000
__Hudata_bank0  udata_bank0  0000  __Hudata_bank1  udata_bank1  0000
__Hudata_bank2  udata_bank2  0000  __Hudata_shr    udata_shr    0000
__L__absolute__ __absolute__ 0000  __Lcode         code         0000
__Lconfig       config       0000  __Ldata         data         0000
__Ledata        edata        0000  __Lspace_0      (abs)        0000
__Lspace_1      (abs)        0000  __Lspace_3      (abs)        0000
__Lspace_4      (abs)        0000  __Ludata        udata        0000
__Ludata_bank0  udata_bank0  0000  __Ludata_bank1  udata_bank1  0000
__Ludata_bank2  udata_bank2  0000  __Ludata_shr    udata_shr    0000
__S0            (abs)        0800  __S1            (abs)        0000
__S3            (abs)        0000  _bar            barfunc      07FE
